qemu: terminating on signal 15 from pid 1456 (timeout)
